(sih26142) PS C:\Users\AAYUSH KUMAR JHA\sih26142-srm> python -m src.train_v2   
Training AttentionRRDBNet on: cuda
Train batches: 307 | Val batches: 62
Perceptual features from checkpoints/best_model.pt (num_blocks=6, val_loss=0.0418)
Epoch 1/100 | train: 0.1060 | val: 0.0956 | gap: -9.8% | lr: 0.000100                                                                                                     
  -> saved new best checkpoint (val_loss: 0.0956)
Epoch 2/100 | train: 0.0898 | val: 0.0812 | gap: -9.5% | lr: 0.000100                                                                                                     
  -> saved new best checkpoint (val_loss: 0.0812)
Epoch 3/100 | train: 0.0824 | val: 0.0772 | gap: -6.3% | lr: 0.000100                                                                                                     
  -> saved new best checkpoint (val_loss: 0.0772)
Epoch 4/100 | train: 0.0791 | val: 0.0752 | gap: -4.9% | lr: 0.000100                                                                                                     
  -> saved new best checkpoint (val_loss: 0.0752)
Epoch 5/100 | train: 0.0777 | val: 0.0743 | gap: -4.3% | lr: 0.000099                                                                                                     
  -> saved new best checkpoint (val_loss: 0.0743)
Epoch 6/100 | train: 0.0766 | val: 0.0729 | gap: -4.8% | lr: 0.000099                                                                                                     
  -> saved new best checkpoint (val_loss: 0.0729)
Epoch 7/100 | train: 0.0740 | val: 0.0709 | gap: -4.2% | lr: 0.000099                                                                                                     
  -> saved new best checkpoint (val_loss: 0.0709)
Epoch 8/100 | train: 0.0730 | val: 0.0701 | gap: -4.0% | lr: 0.000098                                                                                                     
  -> saved new best checkpoint (val_loss: 0.0701)
Epoch 9/100 | train: 0.0725 | val: 0.0709 | gap: -2.2% | lr: 0.000098                                                                                                     
Epoch 10/100 | train: 0.0722 | val: 0.0689 | gap: -4.6% | lr: 0.000098                                                                                                    
  -> saved new best checkpoint (val_loss: 0.0689)
Epoch 11/100 | train: 0.0717 | val: 0.0699 | gap: -2.6% | lr: 0.000097                                                                                                    
Epoch 12/100 | train: 0.0717 | val: 0.0704 | gap: -1.7% | lr: 0.000096                                                                                                    
Epoch 13/100 | train: 0.0714 | val: 0.0688 | gap: -3.7% | lr: 0.000096                                                                                                    
  -> saved new best checkpoint (val_loss: 0.0688)
Epoch 14/100 | train: 0.0708 | val: 0.0685 | gap: -3.2% | lr: 0.000095                                                                                                    
  -> saved new best checkpoint (val_loss: 0.0685)
Epoch 15/100 | train: 0.0717 | val: 0.0705 | gap: -1.7% | lr: 0.000095                                                                                                    
Epoch 16/100 | train: 0.0710 | val: 0.0684 | gap: -3.7% | lr: 0.000094                                                                                                    
  -> saved new best checkpoint (val_loss: 0.0684)
Epoch 17/100 | train: 0.0709 | val: 0.0679 | gap: -4.3% | lr: 0.000093                                                                                                    
  -> saved new best checkpoint (val_loss: 0.0679)
Epoch 18/100 | train: 0.0705 | val: 0.0683 | gap: -3.2% | lr: 0.000092                                                                                                    
Epoch 19/100 | train: 0.0710 | val: 0.0705 | gap: -0.7% | lr: 0.000091                                                                                                    
Epoch 20/100 | train: 0.0771 | val: 0.0692 | gap: -10.2% | lr: 0.000090                                                                                                   
Epoch 21/100 | train: 0.0708 | val: 0.0678 | gap: -4.2% | lr: 0.000090                                                                                                    
  -> saved new best checkpoint (val_loss: 0.0678)
Epoch 22/100 | train: 0.0704 | val: 0.0675 | gap: -4.0% | lr: 0.000089                                                                                                    
  -> saved new best checkpoint (val_loss: 0.0675)
Epoch 23/100 | train: 0.0704 | val: 0.0674 | gap: -4.3% | lr: 0.000088                                                                                                    
  -> saved new best checkpoint (val_loss: 0.0674)
Epoch 24/100 | train: 0.0699 | val: 0.0676 | gap: -3.3% | lr: 0.000086                                                                                                    
Epoch 25/100 | train: 0.0701 | val: 0.0671 | gap: -4.3% | lr: 0.000085                                                                                                    
  -> saved new best checkpoint (val_loss: 0.0671)
Epoch 26/100 | train: 0.0698 | val: 0.0674 | gap: -3.4% | lr: 0.000084                                                                                                    
Epoch 27/100 | train: 0.0697 | val: 0.0671 | gap: -3.8% | lr: 0.000083                                                                                                    
  -> saved new best checkpoint (val_loss: 0.0671)
Epoch 28/100 | train: 0.0697 | val: 0.0671 | gap: -3.7% | lr: 0.000082                                                                                                    
Epoch 29/100 | train: 0.0699 | val: 0.0670 | gap: -4.1% | lr: 0.000081                                                                                                    
  -> saved new best checkpoint (val_loss: 0.0670)
Epoch 30/100 | train: 0.0698 | val: 0.0669 | gap: -4.2% | lr: 0.000079                                                                                                    
  -> saved new best checkpoint (val_loss: 0.0669)
Epoch 31/100 | train: 0.0696 | val: 0.0671 | gap: -3.7% | lr: 0.000078                                                                                                    
Epoch 32/100 | train: 0.0695 | val: 0.0672 | gap: -3.3% | lr: 0.000077                                                                                                    
Epoch 33/100 | train: 0.0693 | val: 0.0668 | gap: -3.6% | lr: 0.000075                                                                                                    
  -> saved new best checkpoint (val_loss: 0.0668)
Epoch 34/100 | train: 0.0693 | val: 0.0666 | gap: -4.0% | lr: 0.000074                                                                                                    
  -> saved new best checkpoint (val_loss: 0.0666)
Epoch 35/100 | train: 0.0694 | val: 0.0666 | gap: -4.0% | lr: 0.000073                                                                                                    
  -> saved new best checkpoint (val_loss: 0.0666)
Epoch 36/100 | train: 0.0694 | val: 0.0667 | gap: -3.8% | lr: 0.000071                                                                                                    
Epoch 37/100 | train: 0.0696 | val: 0.0665 | gap: -4.4% | lr: 0.000070                                                                                                    
  -> saved new best checkpoint (val_loss: 0.0665)
Epoch 38/100 | train: 0.0690 | val: 0.0664 | gap: -3.7% | lr: 0.000068                                                                                                    
  -> saved new best checkpoint (val_loss: 0.0664)
Epoch 39/100 | train: 0.0691 | val: 0.0664 | gap: -3.9% | lr: 0.000067                                                                                                    
  -> saved new best checkpoint (val_loss: 0.0664)
Epoch 40/100 | train: 0.0688 | val: 0.0663 | gap: -3.7% | lr: 0.000065                                                                                                    
  -> saved new best checkpoint (val_loss: 0.0663)
Epoch 41/100 | train: 0.0689 | val: 0.0665 | gap: -3.5% | lr: 0.000064                                                                                                    
Epoch 42/100 | train: 0.0695 | val: 0.0662 | gap: -4.7% | lr: 0.000062                                                                                                    
  -> saved new best checkpoint (val_loss: 0.0662)
Epoch 43/100 | train: 0.0689 | val: 0.0665 | gap: -3.5% | lr: 0.000061                                                                                                    
Epoch 44/100 | train: 0.0687 | val: 0.0663 | gap: -3.5% | lr: 0.000059                                                                                                    
Epoch 45/100 | train: 0.0688 | val: 0.0663 | gap: -3.7% | lr: 0.000058                                                                                                    
Epoch 46/100 | train: 0.0690 | val: 0.0662 | gap: -4.0% | lr: 0.000056                                                                                                    
Epoch 47/100 | train: 0.0687 | val: 0.0661 | gap: -3.8% | lr: 0.000055                                                                                                    
  -> saved new best checkpoint (val_loss: 0.0661)
Epoch 48/100 | train: 0.0685 | val: 0.0661 | gap: -3.6% | lr: 0.000053                                                                                                    
  -> saved new best checkpoint (val_loss: 0.0661)
Epoch 49/100 | train: 0.0685 | val: 0.0661 | gap: -3.6% | lr: 0.000052                                                                                                    
  -> saved new best checkpoint (val_loss: 0.0661)
Epoch 50/100 | train: 0.0685 | val: 0.0665 | gap: -3.0% | lr: 0.000050                                                                                                    
Epoch 51/100 | train: 0.0685 | val: 0.0659 | gap: -3.7% | lr: 0.000048                                                                                                    
  -> saved new best checkpoint (val_loss: 0.0659)
Epoch 52/100 | train: 0.0688 | val: 0.0659 | gap: -4.2% | lr: 0.000047                                                                                                    
Epoch 53/100 | train: 0.0683 | val: 0.0658 | gap: -3.7% | lr: 0.000045                                                                                                    
  -> saved new best checkpoint (val_loss: 0.0658)
Epoch 54/100 | train: 0.0684 | val: 0.0661 | gap: -3.4% | lr: 0.000044                                                                                                    
Epoch 55/100 | train: 0.0683 | val: 0.0660 | gap: -3.3% | lr: 0.000042                                                                                                    
Epoch 56/100 | train: 0.0688 | val: 0.0658 | gap: -4.4% | lr: 0.000041                                                                                                    
  -> saved new best checkpoint (val_loss: 0.0658)
Epoch 57/100 | train: 0.0682 | val: 0.0660 | gap: -3.2% | lr: 0.000039                                                                                                    
Epoch 58/100 | train: 0.0682 | val: 0.0657 | gap: -3.8% | lr: 0.000038                                                                                                    
  -> saved new best checkpoint (val_loss: 0.0657)
Epoch 59/100 | train: 0.0683 | val: 0.0656 | gap: -3.9% | lr: 0.000036                                                                                                    
  -> saved new best checkpoint (val_loss: 0.0656)
Epoch 60/100 | train: 0.0682 | val: 0.0656 | gap: -3.8% | lr: 0.000035                                                                                                    
Epoch 61/100 | train: 0.0683 | val: 0.0657 | gap: -3.8% | lr: 0.000033                                                                                                    
Epoch 62/100 | train: 0.0682 | val: 0.0658 | gap: -3.5% | lr: 0.000032                                                                                                    
Epoch 63/100 | train: 0.0682 | val: 0.0656 | gap: -3.7% | lr: 0.000030                                                                                                    
  -> saved new best checkpoint (val_loss: 0.0656)
Epoch 64/100 | train: 0.0681 | val: 0.0656 | gap: -3.7% | lr: 0.000029                                                                                                    
Epoch 65/100 | train: 0.0680 | val: 0.0656 | gap: -3.5% | lr: 0.000027                                                                                                    
  -> saved new best checkpoint (val_loss: 0.0656)
Epoch 66/100 | train: 0.0682 | val: 0.0657 | gap: -3.6% | lr: 0.000026                                                                                                    
Epoch 67/100 | train: 0.0680 | val: 0.0657 | gap: -3.5% | lr: 0.000025                                                                                                    
Epoch 68/100 | train: 0.0681 | val: 0.0655 | gap: -3.8% | lr: 0.000023                                                                                                    
  -> saved new best checkpoint (val_loss: 0.0655)
Epoch 69/100 | train: 0.0679 | val: 0.0655 | gap: -3.6% | lr: 0.000022                                                                                                    
  -> saved new best checkpoint (val_loss: 0.0655)
Epoch 70/100 | train: 0.0680 | val: 0.0658 | gap: -3.2% | lr: 0.000021                                                                                                    
Epoch 71/100 | train: 0.0683 | val: 0.0656 | gap: -4.0% | lr: 0.000019                                                                                                    
Epoch 72/100 | train: 0.0680 | val: 0.0654 | gap: -3.8% | lr: 0.000018                                                                                                    
  -> saved new best checkpoint (val_loss: 0.0654)
Epoch 73/100 | train: 0.0683 | val: 0.0654 | gap: -4.2% | lr: 0.000017                                                                                                    
  -> saved new best checkpoint (val_loss: 0.0654)
Epoch 74/100 | train: 0.0679 | val: 0.0654 | gap: -3.6% | lr: 0.000016                                                                                                    
  -> saved new best checkpoint (val_loss: 0.0654)
Epoch 75/100 | train: 0.0680 | val: 0.0655 | gap: -3.7% | lr: 0.000015                                                                                                    
Epoch 76/100 | train: 0.0683 | val: 0.0654 | gap: -4.2% | lr: 0.000014                                                                                                    
Epoch 77/100 | train: 0.0679 | val: 0.0655 | gap: -3.6% | lr: 0.000012                                                                                                    
Epoch 78/100 | train: 0.0678 | val: 0.0655 | gap: -3.4% | lr: 0.000011                                                                                                    
Epoch 79/100 | train: 0.0677 | val: 0.0654 | gap: -3.5% | lr: 0.000010                                                                                                    
  -> saved new best checkpoint (val_loss: 0.0654)
Epoch 80/100 | train: 0.0678 | val: 0.0654 | gap: -3.6% | lr: 0.000010                                                                                                    
  -> saved new best checkpoint (val_loss: 0.0654)
Epoch 81/100 | train: 0.0678 | val: 0.0654 | gap: -3.5% | lr: 0.000009                                                                                                    
Epoch 82/100 | train: 0.0679 | val: 0.0653 | gap: -3.8% | lr: 0.000008                                                                                                    
  -> saved new best checkpoint (val_loss: 0.0653)
Epoch 83/100 | train: 0.0678 | val: 0.0655 | gap: -3.3% | lr: 0.000007                                                                                                    
Epoch 84/100 | train: 0.0678 | val: 0.0653 | gap: -3.7% | lr: 0.000006                                                                                                    
  -> saved new best checkpoint (val_loss: 0.0653)
Epoch 85/100 | train: 0.0678 | val: 0.0654 | gap: -3.5% | lr: 0.000005                                                                                                    
Epoch 86/100 | train: 0.0680 | val: 0.0654 | gap: -3.9% | lr: 0.000005                                                                                                    
Epoch 87/100 | train: 0.0678 | val: 0.0654 | gap: -3.5% | lr: 0.000004                                                                                                    
Epoch 88/100 | train: 0.0677 | val: 0.0653 | gap: -3.5% | lr: 0.000004                                                                                                    
Epoch 89/100 | train: 0.0677 | val: 0.0653 | gap: -3.5% | lr: 0.000003                                                                                                    
  -> saved new best checkpoint (val_loss: 0.0653)
Epoch 90/100 | train: 0.0678 | val: 0.0653 | gap: -3.7% | lr: 0.000002                                                                                                    
Epoch 91/100 | train: 0.0678 | val: 0.0653 | gap: -3.7% | lr: 0.000002                                                                                                    
Epoch 92/100 | train: 0.0678 | val: 0.0653 | gap: -3.6% | lr: 0.000002                                                                                                    
Epoch 93/100 | train: 0.0679 | val: 0.0653 | gap: -3.8% | lr: 0.000001                                                                                                    
Epoch 94/100 | train: 0.0678 | val: 0.0653 | gap: -3.8% | lr: 0.000001                                                                                                    
  -> saved new best checkpoint (val_loss: 0.0653)
Epoch 95/100 | train: 0.0677 | val: 0.0653 | gap: -3.6% | lr: 0.000001                                                                                                    
  -> saved new best checkpoint (val_loss: 0.0653)
Epoch 96/100 | train: 0.0678 | val: 0.0653 | gap: -3.7% | lr: 0.000000                                                                                                    
Epoch 97/100 | train: 0.0678 | val: 0.0652 | gap: -3.7% | lr: 0.000000                                                                                                    
  -> saved new best checkpoint (val_loss: 0.0652)
Epoch 98/100 | train: 0.0682 | val: 0.0654 | gap: -4.1% | lr: 0.000000                                                                                                    
Epoch 99/100 | train: 0.0678 | val: 0.0653 | gap: -3.7% | lr: 0.000000                                                                                                    
Epoch 100/100 | train: 0.0678 | val: 0.0653 | gap: -3.8% | lr: 0.000000                                                                                                   

Completed all 100 epochs without triggering early stopping.
Saved loss curve to checkpoints/loss_curve_attn.png
(sih26142) PS C:\Users\AAYUSH KUMAR JHA\sih26142-srm> python -m src.eval.evaluate_v2 --checkpoint checkpoints/best_model_attn.pt --split test         
Test set results (326 patches):
  PSNR: 37.2614
  SSIM: 0.8780
  SAM: 2.8823
  ERGAS: 3.6952
(sih26142) PS C:\Users\AAYUSH KUMAR JHA\sih26142-srm> 