(sih26142) PS C:\Users\AAYUSH KUMAR JHA\sih26142-srm> python -m src.train
Training on: cuda
Train batches: 154 | Val batches: 31
C:\Users\AAYUSH KUMAR JHA\sih26142-srm\src\train.py:122: FutureWarning: `torch.cuda.amp.GradScaler(args...)` is deprecated. Please use `torch.amp.GradScaler('cuda', args...)` instead.
  scaler = torch.cuda.amp.GradScaler()   # mixed precision, per the 6GB VRAM tuning
C:\Users\AAYUSH KUMAR JHA\sih26142-srm\src\train.py:140: FutureWarning: `torch.cuda.amp.autocast(args...)` is deprecated. Please use `torch.amp.autocast('cuda', args...)` instead.
  with torch.cuda.amp.autocast():
C:\Users\AAYUSH KUMAR JHA\sih26142-srm\src\train.py:159: FutureWarning: `torch.cuda.amp.autocast(args...)` is deprecated. Please use `torch.amp.autocast('cuda', args...)` instead.
  with torch.cuda.amp.autocast():
Epoch 1/100 | train: 0.2835 | val: 0.0721 | gap: -74.6% | lr: 0.000200
  -> saved new best checkpoint (val_loss: 0.0721)
Epoch 2/100 | train: 0.0604 | val: 0.0580 | gap: -3.9% | lr: 0.000200
  -> saved new best checkpoint (val_loss: 0.0580)
Epoch 3/100 | train: 0.0512 | val: 0.0528 | gap: +3.1% | lr: 0.000200
  -> saved new best checkpoint (val_loss: 0.0528)
Epoch 4/100 | train: 0.0477 | val: 0.0525 | gap: +10.1% | lr: 0.000199
  -> saved new best checkpoint (val_loss: 0.0525)
Epoch 5/100 | train: 0.0473 | val: 0.0614 | gap: +29.9% | lr: 0.000199
Epoch 6/100 | train: 0.0440 | val: 0.0470 | gap: +6.9% | lr: 0.000198
  -> saved new best checkpoint (val_loss: 0.0470)
Epoch 7/100 | train: 0.0430 | val: 0.0465 | gap: +8.3% | lr: 0.000198
  -> saved new best checkpoint (val_loss: 0.0465)
Epoch 8/100 | train: 0.0425 | val: 0.0452 | gap: +6.4% | lr: 0.000197
  -> saved new best checkpoint (val_loss: 0.0452)
Epoch 9/100 | train: 0.0408 | val: 0.0463 | gap: +13.5% | lr: 0.000196
Epoch 10/100 | train: 0.0408 | val: 0.0429 | gap: +5.0% | lr: 0.000195
  -> saved new best checkpoint (val_loss: 0.0429)
Epoch 11/100 | train: 0.0407 | val: 0.0422 | gap: +3.7% | lr: 0.000194
  -> saved new best checkpoint (val_loss: 0.0422)
Epoch 12/100 | train: 0.0398 | val: 0.0418 | gap: +5.1% | lr: 0.000193
  -> saved new best checkpoint (val_loss: 0.0418)
Epoch 13/100 | train: 0.0397 | val: 0.0426 | gap: +7.4% | lr: 0.000192
Epoch 14/100 | train: 0.0380 | val: 0.0421 | gap: +10.7% | lr: 0.000190
Epoch 15/100 | train: 0.0390 | val: 0.0463 | gap: +18.8% | lr: 0.000189

Stopping early at epoch 15: Overfitting gap detected: val_loss is 18.8% higher than train_loss (threshold: 15%)
Best checkpoint retained at checkpoints/best_model.pt (val_loss: 0.0418)
(sih26142) PS C:\Users\AAYUSH KUMAR JHA\sih26142-srm> python -m src.eval.evaluate
Test set results (163 patches):
  PSNR: 35.5481
  SSIM: 0.8570
  SAM: 3.8166
  ERGAS: 4.4977
(sih26142) PS C:\Users\AAYUSH KUMAR JHA\sih26142-srm> 