(sih26142) PS C:\Users\AAYUSH KUMAR JHA\sih26142-srm> python -m src.train
Training Refined Phase 3 on: cuda
Train batches: 154 | Val batches: 31
Epoch 1/60 | train: 0.3098 | val: 0.1136 | gap: -63.3% | lr: 0.000100
  -> saved new best checkpoint (val_loss: 0.1136)
Epoch 2/60 | train: 0.1045 | val: 0.0984 | gap: -5.8% | lr: 0.000100
  -> saved new best checkpoint (val_loss: 0.0984)
Epoch 3/60 | train: 0.1064 | val: 0.0506 | gap: -52.5% | lr: 0.000099
  -> saved new best checkpoint (val_loss: 0.0506)
Epoch 4/60 | train: 0.0444 | val: 0.0447 | gap: +0.5% | lr: 0.000099
  -> saved new best checkpoint (val_loss: 0.0447)
Epoch 5/60 | train: 0.0392 | val: 0.0413 | gap: +5.4% | lr: 0.000098
  -> saved new best checkpoint (val_loss: 0.0413)
Epoch 6/60 | train: 0.0367 | val: 0.0397 | gap: +8.0% | lr: 0.000098
  -> saved new best checkpoint (val_loss: 0.0397)
Epoch 7/60 | train: 0.0351 | val: 0.0375 | gap: +6.7% | lr: 0.000097
  -> saved new best checkpoint (val_loss: 0.0375)
Epoch 8/60 | train: 0.0342 | val: 0.0364 | gap: +6.3% | lr: 0.000096
  -> saved new best checkpoint (val_loss: 0.0364)
Epoch 9/60 | train: 0.0345 | val: 0.0364 | gap: +5.6% | lr: 0.000095
Epoch 10/60 | train: 0.0334 | val: 0.0379 | gap: +13.4% | lr: 0.000093
Epoch 11/60 | train: 0.0323 | val: 0.0346 | gap: +7.3% | lr: 0.000092
  -> saved new best checkpoint (val_loss: 0.0346)
Epoch 12/60 | train: 0.0321 | val: 0.0346 | gap: +7.7% | lr: 0.000090
  -> saved new best checkpoint (val_loss: 0.0346)
Epoch 13/60 | train: 0.0314 | val: 0.0338 | gap: +7.5% | lr: 0.000089
  -> saved new best checkpoint (val_loss: 0.0338)
Epoch 14/60 | train: 0.0310 | val: 0.0338 | gap: +9.1% | lr: 0.000087
  -> saved new best checkpoint (val_loss: 0.0338)
Epoch 15/60 | train: 0.0312 | val: 0.0331 | gap: +5.9% | lr: 0.000085
  -> saved new best checkpoint (val_loss: 0.0331)
Epoch 16/60 | train: 0.0312 | val: 0.0332 | gap: +6.3% | lr: 0.000083
Epoch 17/60 | train: 0.0306 | val: 0.0324 | gap: +6.1% | lr: 0.000081
  -> saved new best checkpoint (val_loss: 0.0324)
Epoch 18/60 | train: 0.0309 | val: 0.0333 | gap: +7.9% | lr: 0.000079
Epoch 19/60 | train: 0.0306 | val: 0.0321 | gap: +4.9% | lr: 0.000077
  -> saved new best checkpoint (val_loss: 0.0321)
Epoch 20/60 | train: 0.0302 | val: 0.0327 | gap: +8.5% | lr: 0.000075
Epoch 21/60 | train: 0.0304 | val: 0.0315 | gap: +3.8% | lr: 0.000073
  -> saved new best checkpoint (val_loss: 0.0315)
Epoch 22/60 | train: 0.0297 | val: 0.0327 | gap: +10.1% | lr: 0.000070
Epoch 23/60 | train: 0.0300 | val: 0.0319 | gap: +6.3% | lr: 0.000068
Epoch 24/60 | train: 0.0300 | val: 0.0313 | gap: +4.4% | lr: 0.000065
  -> saved new best checkpoint (val_loss: 0.0313)
Epoch 25/60 | train: 0.0298 | val: 0.0320 | gap: +7.3% | lr: 0.000063
Epoch 26/60 | train: 0.0296 | val: 0.0315 | gap: +6.6% | lr: 0.000060
Epoch 27/60 | train: 0.0300 | val: 0.0312 | gap: +3.8% | lr: 0.000058
  -> saved new best checkpoint (val_loss: 0.0312)
Epoch 28/60 | train: 0.0293 | val: 0.0312 | gap: +6.5% | lr: 0.000055
Epoch 29/60 | train: 0.0295 | val: 0.0309 | gap: +4.9% | lr: 0.000053
  -> saved new best checkpoint (val_loss: 0.0309)
Epoch 30/60 | train: 0.0293 | val: 0.0314 | gap: +7.3% | lr: 0.000050
Epoch 31/60 | train: 0.0291 | val: 0.0325 | gap: +11.4% | lr: 0.000047
Epoch 32/60 | train: 0.0294 | val: 0.0308 | gap: +4.9% | lr: 0.000045
  -> saved new best checkpoint (val_loss: 0.0308)
Epoch 33/60 | train: 0.0292 | val: 0.0311 | gap: +6.7% | lr: 0.000042
Epoch 34/60 | train: 0.0289 | val: 0.0313 | gap: +8.4% | lr: 0.000040
Epoch 35/60 | train: 0.0289 | val: 0.0311 | gap: +7.7% | lr: 0.000037
Epoch 36/60 | train: 0.0287 | val: 0.0306 | gap: +6.3% | lr: 0.000035
  -> saved new best checkpoint (val_loss: 0.0306)
Epoch 37/60 | train: 0.0289 | val: 0.0307 | gap: +6.2% | lr: 0.000032
Epoch 38/60 | train: 0.0286 | val: 0.0304 | gap: +6.3% | lr: 0.000030
  -> saved new best checkpoint (val_loss: 0.0304)
Epoch 39/60 | train: 0.0287 | val: 0.0304 | gap: +6.1% | lr: 0.000027
  -> saved new best checkpoint (val_loss: 0.0304)
Epoch 40/60 | train: 0.0285 | val: 0.0311 | gap: +8.9% | lr: 0.000025
Epoch 41/60 | train: 0.0285 | val: 0.0304 | gap: +6.5% | lr: 0.000023
  -> saved new best checkpoint (val_loss: 0.0304)
Epoch 42/60 | train: 0.0285 | val: 0.0305 | gap: +7.0% | lr: 0.000021
Epoch 43/60 | train: 0.0285 | val: 0.0304 | gap: +6.9% | lr: 0.000019
  -> saved new best checkpoint (val_loss: 0.0304)
Epoch 44/60 | train: 0.0283 | val: 0.0303 | gap: +6.9% | lr: 0.000017
  -> saved new best checkpoint (val_loss: 0.0303)
Epoch 45/60 | train: 0.0283 | val: 0.0303 | gap: +7.1% | lr: 0.000015
Epoch 46/60 | train: 0.0284 | val: 0.0302 | gap: +6.6% | lr: 0.000013
  -> saved new best checkpoint (val_loss: 0.0302)
Epoch 47/60 | train: 0.0283 | val: 0.0302 | gap: +6.9% | lr: 0.000011
  -> saved new best checkpoint (val_loss: 0.0302)
Epoch 48/60 | train: 0.0283 | val: 0.0303 | gap: +7.0% | lr: 0.000010
Epoch 49/60 | train: 0.0283 | val: 0.0302 | gap: +6.8% | lr: 0.000008
  -> saved new best checkpoint (val_loss: 0.0302)
Epoch 50/60 | train: 0.0283 | val: 0.0302 | gap: +6.9% | lr: 0.000007
Epoch 51/60 | train: 0.0282 | val: 0.0302 | gap: +7.2% | lr: 0.000005
  -> saved new best checkpoint (val_loss: 0.0302)
Epoch 52/60 | train: 0.0282 | val: 0.0302 | gap: +7.2% | lr: 0.000004
Epoch 53/60 | train: 0.0282 | val: 0.0301 | gap: +6.8% | lr: 0.000003
  -> saved new best checkpoint (val_loss: 0.0301)
Epoch 54/60 | train: 0.0282 | val: 0.0302 | gap: +6.8% | lr: 0.000002
Epoch 55/60 | train: 0.0281 | val: 0.0301 | gap: +7.2% | lr: 0.000002
Epoch 56/60 | train: 0.0281 | val: 0.0302 | gap: +7.3% | lr: 0.000001
Epoch 57/60 | train: 0.0281 | val: 0.0301 | gap: +7.2% | lr: 0.000001
  -> saved new best checkpoint (val_loss: 0.0301)
Epoch 58/60 | train: 0.0282 | val: 0.0301 | gap: +6.8% | lr: 0.000000
  -> saved new best checkpoint (val_loss: 0.0301)
Epoch 59/60 | train: 0.0281 | val: 0.0301 | gap: +7.1% | lr: 0.000000
Epoch 60/60 | train: 0.0281 | val: 0.0301 | gap: +7.2% | lr: 0.000000

Completed all 60 epochs.
(sih26142) PS C:\Users\AAYUSH KUMAR JHA\sih26142-srm> 

(sih26142) PS C:\Users\AAYUSH KUMAR JHA\sih26142-srm> python -m src.eval.evaluate 
Test set results (163 patches):
  PSNR: 36.9560
  SSIM: 0.8671
  SAM: 3.2240
  ERGAS: 4.0258